
[1m[30m[46m RUN [49m[39m[22m [36mv4.1.4 [39m[90mD:/Projects/Web_Projects/RideSync[39m

 [31mΓ¥»[39m tests/unit/rideService.test.ts [2m([22m[2m2 tests[22m[2m | [22m[31m1 failed[39m[2m)[22m[32m 39[2mms[22m[39m
     [32mΓ£ô[39m should list all rides accurately[32m 23[2mms[22m[39m
[31m     [31m├ù[31m should get ride details by ID[39m[32m 9[2mms[22m[39m
 [31mΓ¥»[39m tests/unit/communityService.test.ts [2m([22m[2m3 tests[22m[2m | [22m[31m2 failed[39m[2m)[22m[32m 43[2mms[22m[39m
     [32mΓ£ô[39m should list all communities with counts[32m 24[2mms[22m[39m
[31m     [31m├ù[31m should get community details[39m[32m 11[2mms[22m[39m
[31m     [31m├ù[31m should fetch my role in a community[39m[32m 2[2mms[22m[39m
 [32mΓ£ô[39m tests/unit/authService.test.ts [2m([22m[2m2 tests[22m[2m)[22m[32m 41[2mms[22m[39m
node.exe : 
[90mstderr[2m | test
s/unit/rideStore.test.
ts[2m > [22m[2mride
Store[2m > 
[22m[2mshould clear 
telemetry on endRide
At C:\Program Files\no
dejs\npx.ps1:29 char:3
+   & $NODE_EXE 
$NPX_CLI_JS $args
+   ~~~~~~~~~~~~~~~~~~
~~~~~~~~~~~
    + CategoryInfo    
          : NotSpeci  
  fied: ([90mstder   
 r[2m...etry on e    
ndRide:String) []    
, RemoteException
    + FullyQualifiedE 
   rrorId : NativeCo  
  mmandError
 
[22m[39m[MSW] 
Error: intercepted a 
request without a 
matching request 
handler:

  ΓÇó PATCH https://ey
losvvweyrqcgwrnyqg.sup
abase.co/rest/v1/rides
?id=eq.ride-1

  ΓÇó Request body: 
{"status":"Completed"}

If you still wish to 
intercept this 
unhandled request, 
please create a 
request handler for 
it.
Read more: https://msw
js.io/docs/http/interc
epting-requests

[90mstderr[2m | test
s/unit/rideStore.test.
ts[2m > [22m[2mride
Store[2m > 
[22m[2mshould clear 
telemetry on endRide
[22m[39mFailed to 
end ride {
  message: 
[32m'InternalError: 
[MSW] Cannot bypass a 
request when using 
the "error" strategy 
for the 
"onUnhandledRequest" 
option.'[39m,
  details: 
[32m'InternalError: 
[MSW] Cannot bypass a 
request when using 
the "error" strategy 
for the 
"onUnhandledRequest" 
option.\n'[39m +
    [32m'    at 
applyStrategy (file://
/D:/Projects/Web_Proje
cts/RideSync/node_modu
les/msw/lib/core/exper
imental/on-unhandled-f
rame.mjs:39:9)\n'[39m
 +
    [32m'    at proce
ssTicksAndRejections (
node:internal/process/
task_queues:105:5)\n'
[39m +
    [32m'    at Inter
ceptorHttpNetworkFrame
.resolve (file:///D:/P
rojects/Web_Projects/R
ideSync/node_modules/m
sw/lib/core/experiment
al/frames/http-frame.m
js:113:7)\n'[39m +
    [32m'    at 
Emitter.<anonymous> (f
ile:///D:/Projects/Web
_Projects/RideSync/nod
e_modules/msw/lib/core
/experimental/define-n
etwork.mjs:64:11)\n'[
39m +
    [32m'    at 
Emitter.emitAsPromise 
(file:///D:/Projects/W
eb_Projects/RideSync/n
ode_modules/rettime/bu
ild/index.mjs:116:24)\
n'[39m +
    [32m'    at Inter
ceptorSource.queue (fi
le:///D:/Projects/Web_
Projects/RideSync/node
_modules/msw/lib/core/
experimental/sources/n
etwork-source.mjs:15:5
)\n'[39m +
    [32m'    at Inter
ceptorSource.#handleRe
quest (file:///D:/Proj
ects/Web_Projects/Ride
Sync/node_modules/msw/
lib/core/experimental/
sources/interceptor-so
urce.mjs:40:5)\n'[39m
 +
    [32m'    at 
emitAsync (file:///D:/
Projects/Web_Projects/
RideSync/node_modules/
@mswjs/interceptors/li
b/node/handleRequest-Y
97UwBbF.mjs:33:36)\n'
[39m +
    [32m'    at file:
///D:/Projects/Web_Pro
jects/RideSync/node_mo
dules/@mswjs/intercept
ors/lib/node/handleReq
uest-Y97UwBbF.mjs:144:
3\n'[39m +
    [32m'    at 
until (file:///D:/Proj
ects/Web_Projects/Ride
Sync/node_modules/@ope
n-draft/until/lib/inde
x.mjs:4:18)'[39m,
  hint: [32m''[39m,
  code: [32m''[39m
}

 [31mΓ¥»[39m tests/unit/rideStore.test.ts [2m([22m[2m3 tests[22m[2m | [22m[31m1 failed[39m[2m)[22m[32m 39[2mms[22m[39m
     [32mΓ£ô[39m should toggle ride mode[32m 3[2mms[22m[39m
     [32mΓ£ô[39m should update navigation metadata[32m 1[2mms[22m[39m
[31m     [31m├ù[31m should clear telemetry on endRide[39m[32m 28[2mms[22m[39m
 [32mΓ£ô[39m tests/components/TacticalRideView.test.tsx [2m([22m[2m2 tests[22m[2m)[22m[32m 207[2mms[22m[39m
 [31mΓ¥»[39m tests/components/RideDetailPage.test.tsx [2m([22m[2m1 test[22m[2m | [22m[31m1 failed[39m[2m)[22m[33m 1054[2mms[22m[39m
[31m     [31m├ù[31m renders ride details correctly from intel[39m[33m 1048[2mms[22m[39m

[31mΓÄ»ΓÄ»ΓÄ»ΓÄ»ΓÄ»ΓÄ
»ΓÄ»[39m[1m[41m 
Failed Tests 5 [49m[
22m[31mΓÄ»ΓÄ»ΓÄ»ΓÄ»ΓÄ
»ΓÄ»ΓÄ»[39m

[41m[1m FAIL 
[22m[49m tests/compo
nents/RideDetailPage.t
est.tsx[2m > 
[22mRideDetailPage 
Component[2m > 
[22mrenders ride 
details correctly 
from intel
[31m[1mTestingLibrar
yElementError[22m[39
m: Unable to find an 
element with the 
text: Test Ride. This 
could be because the 
text is broken up by 
multiple elements. In 
this case, you can 
provide a function 
for your text matcher 
to make your matcher 
more flexible.

Ignored nodes: 
comments, script, 
style
[36m<body>[39m
  [36m<div>[39m
    [36m<div[39m
      [33mclass[39m=
[32m"max-w-[1600px] 
mx-auto space-y-8 
animate-in fade-in sli
de-in-from-bottom-8 
duration-700 pb-20 
px-4"[39m
    [36m>[39m
      [36m<div[39m
        [33mclass[39
m=[32m"flex flex-col 
gap-6"[39m
      [36m>[39m
        
[36m<button[39m
          [33mclass[
39m=[32m"flex 
items-center gap-3 
text-[10px] 
font-black uppercase 
tracking-[0.4em] 
text-white/20 
hover:text-saffron 
transition-colors 
w-fit group"[39m
        [36m>[39m
          
[36m<svg[39m
            [33maria-
hidden[39m=[32m"true
"[39m
            [33mclass
[39m=[32m"lucide 
lucide-arrow-left grou
p-hover:-translate-x-1
 transition-transform"
[39m
            [33mfill
[39m=[32m"none"[39m
            [33mheigh
t[39m=[32m"14"[39m
            [33mstrok
e[39m=[32m"currentCo
lor"[39m
            [33mstrok
e-linecap[39m=[32m"r
ound"[39m
            [33mstrok
e-linejoin[39m=[32m"
round"[39m
            [33mstrok
e-width[39m=[32m"2"
[39m
            [33mviewB
ox[39m=[32m"0 0 24 
24"[39m
            [33mwidth
[39m=[32m"14"[39m
            [33mxmlns
[39m=[32m"http://www
.w3.org/2000/svg"[39m
          [36m>[39m
            
[36m<path[39m
              
[33md[39m=[32m"m12 
19-7-7 7-7"[39m
            
[36m/>[39m
            
[36m<path[39m
              
[33md[39m=[32m"M19 
12H5"[39m
            
[36m/>[39m
          
[36m</svg>[39m
          [0m Back 
to Records[0m
        
[36m</button>[39m
        [36m<div[39m
          [33mclass[
39m=[32m"flex 
flex-col lg:flex-row 
lg:items-center 
justify-between 
gap-8"[39m
        [36m>[39m
          
[36m<div[39m
            [33mclass
[39m=[32m"space-y-4"
[39m
          [36m>[39m
            
[36m<div[39m
              [33mcla
ss[39m=[32m"flex 
flex-wrap 
items-center 
gap-4"[39m
            
[36m>[39m
              
[36m<span[39m
                [33mc
lass[39m=[32m"px-4 
py-1.5 border 
text-[10px] 
font-black uppercase 
tracking-[0.3em] 
italic flex 
items-center gap-2 
text-amber-500 
bg-amber-500/10 border
-amber-500/20"[39m
              
[36m>[39m
                [0m 
Ride[0m
              
[36m</span>[39m
              
[36m<span[39m
                [33mc
lass[39m=[32m"font-m
ono text-xs font-bold 
text-white/20 
tracking-widest"[39m
              
[36m/>[39m
            
[36m</div>[39m
            
[36m<h1[39m
              [33mcla
ss[39m=[32m"text-5xl
 md:text-7xl 
font-black 
tracking-tighter 
uppercase italic 
leading-none"[39m
            
[36m/>[39m
            
[36m<p[39m
              [33mcla
ss[39m=[32m"text-whi
te/40 text-lg 
font-bold max-w-2xl 
leading-relaxed 
italic border-l-4 
border-saffron/30 
pl-8"[39m
            
[36m>[39m
              [0mThe 
destination is just 
an excuse. The real 
objective is the 
asphalt between 
us.[0m
            
[36m</p>[39m
          
[36m</div>[39m
          
[36m<div[39m
            [33mclass
[39m=[32m"flex 
flex-wrap gap-4"[39m
          [36m>[39m
            
[36m<button[39m
              [33mcla
ss[39m=[32m"px-6 
py-6 bg-red-600/10 
border 
border-red-600/30 
text-red-500 
font-black uppercase 
tracking-tighter 
transition-all 
skew-x-[-15deg] 
hover:bg-red-600 
hover:text-white"[39m
            
[36m>[39m
              
[36m<div[39m
                [33mc
lass[39m=[32m"skew-x
-[15deg]"[39m
              
[36m>[39m
                
[36m<svg[39m
                  [33
maria-hidden[39m=[32
m"true"[39m
                  [33
mclass[39m=[32m"luci
de lucide-trash2 
lucide-trash-2"[39m
                  [33
mfill[39m=[32m"none"
[39m
                  [33
mheight[39m=[32m"20"
[39m
                  [33
mstroke[39m=[32m"cur
rentColor"[39m
                  [33
mstroke-linecap[39m=
[32m"round"[39m
                  [33
mstroke-linejoin[39m=
[32m"round"[39m
                  [33
mstroke-width[39m=[3
2m"2"[39m
                  [33
mviewBox[39m=[32m"0 
0 24 24"[39m
                  [33
mwidth[39m=[32m"20"
[39m
                  [33
mxmlns[39m=[32m"http
://www.w3.org/2000/svg
"[39m
                
[36m>[39m
                  
[36m<path[39m
                    
[33md[39m=[32m"M10 
11v6"[39m
                  
[36m/>[39m
                  
[36m<path[39m
                    
[33md[39m=[32m"M14 
11v6"[39m
                  
[36m/>[39m
                  
[36m<path[39m
                    
[33md[39m=[32m"M19 
6v14a2 2 0 0 1-2 
2H7a2 2 0 0 
1-2-2V6"[39m
                  
[36m/>[39m
                  
[36m<path[39m
                    
[33md[39m=[32m"M3 
6h18"[39m
                  
[36m/>[39m
                  
[36m<path[39m
                    
[33md[39m=[32m"M8 
6V4a2 2 0 0 1 2-2h4a2 
2 0 0 1 2 2v2"[39m
                  
[36m/>[39m
                
[36m</svg>[39m
              
[36m</div>[39m
            
[36m</button>[39m
          
[36m</div>[39m
        
[36m</div>[39m
      [36m</div>[39m
      [36m<div[39m
        [33mclass[39
m=[32m"grid 
grid-cols-1 
xl:grid-cols-4 gap-8 x
l:h-[calc(100vh-400px)
] min-h-[600px]"[39m
      [36m>[39m
        [36m<div[39m
          [33mclass[
39m=[32m"xl:col-span-
3 h-full 
relative"[39m
        [36m>[39m
          
[36m<div[39m
            [33mdata-
testid[39m=[32m"mock
-map"[39m
          [36m>[39m
            [0mMap 
Intel Active[0m
          
[36m</div>[39m
        
[36m</div>[39m
        [36m<div[39m
          [33mclass[
39m=[32m"space-y-8 
overflow-y-auto pr-2 
custom-scrollbar"[39m
        [36m>[39m
          
[36m<section[39m
            [33mclass
[39m=[32m"bg-zinc-95
0 border 
border-white/5 p-8 
space-y-6 
shadow-2xl"[39m
          [36m>[39m
            
[36m<h3[39m
              [33mcla
ss[39m=[32m"text-[10
px] font-black 
text-primary 
uppercase 
tracking-[0.5em] flex 
items-center 
gap-2"[39m
            
[36m>[39m
              
[36m<svg[39m
                [33ma
ria-hidden[39m=[32m"
true"[39m
                [33mc
lass[39m=[32m"lucide
 lucide-shield"[39m
                [33mf
ill[39m=[32m"none"[
39m
                [33mh
eight[39m=[32m"14"[
39m
                [33ms
troke[39m=[32m"curre
ntColor"[39m
                [33ms
troke-linecap[39m=[3
2m"round"[39m
                [33ms
troke-linejoin[39m=[
32m"round"[39m
                [33ms
troke-width[39m=[32m
"2"[39m
                [33mv
iewBox[39m=[32m"0 0 
24 24"[39m
                [33mw
idth[39m=[32m"14"[3
9m
                [33mx
mlns[39m=[32m"http:/
/www.w3.org/2000/svg"
[39m
              
[36m>[39m
                
[36m<path[39m
                  
[33md[39m=[32m"M20 
13c0 5-3.5 7.5-7.66 
8.95a1 1 0 0 
1-.67-.01C7.5 20.5 4 
18 4 13V6a1 1 0 0 1 
1-1c2 0 4.5-1.2 
6.24-2.72a1.17 1.17 0 
0 1 1.52 0C14.51 3.81 
17 5 19 5a1 1 0 0 1 1 
1z"[39m
                
[36m/>[39m
              
[36m</svg>[39m
              [0m 
Ride Details[0m
            
[36m</h3>[39m
            
[36m<div[39m
              [33mcla
ss[39m=[32m"grid 
gap-6"[39m
            
[36m>[39m
              
[36m<div[39m
                [33mc
lass[39m=[32m"flex 
items-center 
gap-4"[39m
              
[36m>[39m
                
[36m<div[39m
                  [33
mclass[39m=[32m"h-10
 w-10 flex 
items-center 
justify-center 
bg-white/5 border 
border-white/10 
text-white/40"[39m
                
[36m>[39m
                  
[36m<svg[39m
                    [
33maria-hidden[39m=[
32m"true"[39m
                    [
33mclass[39m=[32m"lu
cide 
lucide-milestone"[39m
                    [
33mfill[39m=[32m"non
e"[39m
                    [
33mheight[39m=[32m"2
0"[39m
                    [
33mstroke[39m=[32m"c
urrentColor"[39m
                    [
33mstroke-linecap[39m
=[32m"round"[39m
                    [
33mstroke-linejoin[39
m=[32m"round"[39m
                    [
33mstroke-width[39m=
[32m"2"[39m
                    [
33mviewBox[39m=[32m"
0 0 24 24"[39m
                    [
33mwidth[39m=[32m"20
"[39m
                    [
33mxmlns[39m=[32m"ht
tp://www.w3.org/2000/s
vg"[39m
                  
[36m>[39m
                    
[36m<path[39m
                      
[33md[39m=[32m"M12 
13v8"[39m
                    
[36m/>[39m
                    
[36m<path[39m
                      
[33md[39m=[32m"M12 
3v3"[39m
                    
[36m/>[39m
                    
[36m<path[39m
                      
[33md[39m=[32m"M18.
172 6a2 2 0 0 1 
1.414.586l2.06 
2.06a1.207 1.207 0 0 
1 0 1.708l-2.06 
2.06a2 2 0 0 
1-1.414.586H4a1 1 0 0 
1-1-1V7a1 1 0 0 1 
1-1z"[39m
                    
[36m/>[39m
                  
[36m</svg>[39m
                
[36m</div>[39m
                
[36m<div>[39m
                  
[36m<div[39m
                    [
33mclass[39m=[32m"te
xt-[9px] font-black 
text-white/20 
uppercase 
tracking-widest"[39m
                  
[36m>[39m
                    
[0mTotal Distance[0m
                  
[36m</div>[39m
                  
[36m<div[39m
                    [
33mclass[39m=[32m"te
xt-lg font-black 
italic"[39m
                  
[36m>[39m
                    
[0m0[0m
                    
[0m KM[0m
                  
[36m</div>[39m
                
[36m</div>[39m
              
[36m</div>[39m
              
[36m<div[39m
                [33mc
lass[39m=[32m"flex 
items-center 
gap-4"[39m
              
[36m>[39m
                
[36m<div[39m
                  [33
mclass[39m=[32m"h-10
 w-10 flex 
items-center 
justify-center 
bg-white/5 border 
border-white/10 
text-white/40"[39m
                
[36m>[39m
                  
[36m<svg[39m
                    [
33maria-hidden[39m=[
32m"true"[39m
                    [
33mclass[39m=[32m"lu
cide 
lucide-clock"[39m
                    [
33mfill[39m=[32m"non
e"[39m
                    [
33mheight[39m=[32m"2
0"[39m
                    [
33mstroke[39m=[32m"c
urrentColor"[39m
                    [
33mstroke-linecap[39m
=[32m"round"[39m
                    [
33mstroke-linejoin[39
m=[32m"round"[39m
                    [
33mstroke-width[39m=
[32m"2"[39m
                    [
33mviewBox[39m=[32m"
0 0 24 24"[39m
                    [
33mwidth[39m=[32m"20
"[39m
                    [
33mxmlns[39m=[32m"ht
tp://www.w3.org/2000/s
vg"[39m
                  
[36m>[39m
                    
[36m<circle[39m
                      
[33mcx[39m=[32m"12"
[39m
                      
[33mcy[39m=[32m"12"
[39m
                      
[33mr[39m=[32m"10"
[39m
                    
[36m/>[39m
                    
[36m<path[39m
                      
[33md[39m=[32m"M12 
6v6l4 2"[39m
                    
[36m/>[39m
                  
[36m</svg>[39m
                
[36m</div>[39m
                
[36m<div>[39m
                  
[36m<div[39m
                    [
33mclass[39m=[32m"te
xt-[9px] font-black 
text-white/20 
uppercase 
tracking-widest"[39m
                  
[36m>[39m
                    
[0mEst. Duration[0m
                  
[36m</div>[39m
                  
[36m<div[39m
                    [
33mclass[39m=[32m"te
xt-lg font-black 
italic"[39m
                  
[36m>[39m
                    
[0m0[0m
                    
[0m MINS[0m
                  
[36m</div>[39m
                
[36m</div>[39m
              
[36m</div>[39m
              
[36m<div[39m
                [33mc
lass[39m=[32m"flex 
items-center 
gap-4"[39m
              
[36m>[39m
                
[36m<div[39m
                  [33
mclass[39m=[32m"h-10
 w-10 flex 
items-center 
justify-center 
bg-white/5 border 
border-white/10 
text-white/40"[39m
                
[36m>[39m
                  
[36m<svg[39m
                    [
33maria-hidden[39m=[
32m"true"[39m
                    [
33mclass[39m=[32m"lu
cide lucide-navigation
"[39m
                    [
33mfill[39m=[32m"non
e"[39m
                    [
33mheight[39m=[32m"2
0"[39m
                    [
33mstroke[39m=[32m"c
urrentColor"[39m
                    [
33mstroke-linecap[39m
=[32m"round"[39m
                    [
33mstroke-linejoin[39
m=[32m"round"[39m
                    [
33mstroke-width[39m=
[32m"2"[39m
                    [
33mviewBox[39m=[32m"
0 0 24 24"[39m
                    [
33mwidth[39m=[32m"20
"[39m
                    [
33mxmlns[39m=[32m"ht
tp://www.w3.org/2000/s
vg"[39m
                  
[36m>[39m
                    
[36m<polygon[39m
                      
[33mpoints[39m=[32m
"3 11 22 2 13 21 11 
13 3 11"[39m
                    
[36m/>[39m
                  
[36m</svg>[39m
                
[36m</div>[39m
                
[36m<div>[39m
                  
[36m<div[39m
                    [
33mclass[39m=[32m"te
xt-[9px] font-black 
text-white/20 
uppercase 
tracking-widest"[39m
                  
[36m>[39m
                    
[0mRoute Type[0m
                  
[36m</div>[39m
                  
[36m<div[39m
                    [
33mclass[39m=[32m"te
xt-lg font-black 
italic uppercase"[39m
                  
[36m>[39m
                    
[0mHIGHWAY PATROL[0m
                  
[36m</div>[39m
                
[36m</div>[39m
              
[36m</div>[39m
            
[36m</div>[39m
          
[36m</section>[39m
          
[36m<section[39m
            [33mclass
[39m=[32m"bg-zinc-95
0 border 
border-white/5 p-8 
space-y-6"[39m
          [36m>[39m
            
[36m<h3[39m
              [33mcla
ss[39m=[32m"text-[10
px] font-black 
text-primary 
uppercase 
tracking-[0.5em] flex 
items-center 
gap-2"[39m
            
[36m>[39m
              
[36m<svg[39m
                [33ma
ria-hidden[39m=[32m"
true"[39m
                [33mc
lass[39m=[32m"lucide
 lucide-fuel"[39m
                [33mf
ill[39m=[32m"none"[
39m
                [33mh
eight[39m=[32m"14"[
39m
                [33ms
troke[39m=[32m"curre
ntColor"[39m
                [33ms
troke-linecap[39m=[3
2m"round"[39m
                [33ms
troke-linejoin[39m=[
32m"round"[39m
                [33ms
troke-width[39m=[32m
"2"[39m
                [33mv
iewBox[39m=[32m"0 0 
24 24"[39m
                [33mw
idth[39m=[32m"14"[3
9m
                [33mx
mlns[39m=[32m"http:/
/www.w3.org/2000/svg"
[39m
              
[36m>[39m
                
[36m<path[39m
                  
[33md[39m=[32m"M14 
13h2a2 2 0 0 1 2 
2v2a2 2 0 0 0 4 
0v-6.998a2 2 0 0 
0-.59-1.42L18 5"[39m
                
[36m/>[39m
                
[36m<path[39m
                  
[33md[39m=[32m"M14 
21V5a2 2 0 0 
0-2-2H5a2 2 0 0 0-2 
2v16"[39m
                
[36m/>[39m
                
[36m<path[39m
                  
[33md[39m=[32m"M2 
21h13"[39m
                
[36m/>[39m
                
[36m<path[39m
                  
[33md[39m=[32m"M3 
9h11"[39m
                
[36m/>[39m
              
[36m</svg>[39m
              [0m 
Route Stops[0m
            
[36m</h3>[39m
            
[36m<div[39m
              [33mcla
ss[39m=[32m"space-y-
4"[39m
            
[36m>[39m
              
[36m<div[39m
                [33mc
lass[39m=[32m"text-c
enter py-6 border 
border-dashed 
border-white/10 
rounded-lg"[39m
              
[36m>[39m
                
[36m<div[39m
                  [33
mclass[39m=[32m"text
-[10px] font-black 
text-white/20 
uppercase"[39m
                
[36m>[39m
                  
[0mNo stops 
scheduled[0m
                
[36m</div>[39m
              
[36m</div>[39m
            
[36m</div>[39m
          
[36m</section>[39m
          
[36m<section[39m
            [33mclass
[39m=[32m"bg-zinc-95
0 border 
border-white/5 p-8 
space-y-6"[39m
          [36m>[39m
            
[36m<h3[39m
              [33mcla
ss[39m=[32m"text-[10
px] font-black 
text-saffron 
uppercase 
tracking-[0.5em] flex 
items-center 
gap-2"[39m
            
[36m>[39m
              
[36m<svg[39m
                [33ma
ria-hidden[39m=[32m"
true"[39m
                [33mc
lass[39m=[32m"lucide
 lucide-info"[39m
                [33mf
ill[39m=[32m"none"[
39m
                [33mh
eight[39m=[32m"14"[
39m
                [33ms
troke[39m=[32m"curre
ntColor"[39m
                [33ms
troke-linecap[39m=[3
2m"round"[39m
                [33ms
troke-linejoin[39m=[
32m"round"[39m
                [33ms
troke-width[39m=[32m
"2"[39m
                [33mv
iewBox[39m=[32m"0 0 
24 24"[39m
                [33mw
idth[39m=[32m"14"[3
9m
                [33mx
mlns[39m=[32m"http:/
/www.w3.org/2000/svg"
[39m
              
[36m>[39m
                
[36m<circle[39m
                  [33
mcx[39m=[32m"12"[39
m
                  [33
mcy[39m=[32m"12"[39
m
                  [33
mr[39m=[32m"10"[39m
                
[36m/>[39m
                
[36m<path[39m
                  
[33md[39m=[32m"M12 
16v-4"[39m
                
[36m/>[39m
                
[36m<path[39m
                  
[33md[39m=[32m"M12 
8h.01"[39m
                
[36m/>[39m
              
[36m</svg>[39m
              [0m 
Intel Channel[0m
            
[36m</h3>[39m
            
[36m<div[39m
              [33mcla
ss[39m=[32m"space-y-
4"[39m
            
[36m>[39m
              
[36m<div[39m
                [33mc
lass[39m=[32m"space-
y-3"[39m
              
[36m>[39m
                
[36m<div[39m
                  [33
mclass[39m=[32m"text
-[11px] font-bold 
text-white/40 
italic"[39m
                
[36m>[39m
                  
[0mWaiting for field 
transmissions...[0m
                
[36m</div>[39m
              
[36m</div>[39m
            
[36m</div>[39m
          
[36m</section>[39m
        
[36m</div>[39m
      [36m</div>[39m
    [36m</div>[39m
  [36m</div>[39m
[36m</body>[39m

Ignored nodes: 
comments, script, 
style
[36m<html>[39m
  [36m<head />[39m
  [36m<body>[39m
    [36m<div>[39m
      [36m<div[39m
        [33mclass[39
m=[32m"max-w-[1600px]
 mx-auto space-y-8 
animate-in fade-in sli
de-in-from-bottom-8 
duration-700 pb-20 
px-4"[39m
      [36m>[39m
        [36m<div[39m
          [33mclass[
39m=[32m"flex 
flex-col gap-6"[39m
        [36m>[39m
          
[36m<button[39m
            [33mclass
[39m=[32m"flex 
items-center gap-3 
text-[10px] 
font-black uppercase 
tracking-[0.4em] 
text-white/20 
hover:text-saffron 
transition-colors 
w-fit group"[39m
          [36m>[39m
            
[36m<svg[39m
              [33mari
a-hidden[39m=[32m"tr
ue"[39m
              [33mcla
ss[39m=[32m"lucide 
lucide-arrow-left grou
p-hover:-translate-x-1
 transition-transform"
[39m
              [33mfil
l[39m=[32m"none"[39
m
              [33mhei
ght[39m=[32m"14"[39
m
              [33mstr
oke[39m=[32m"current
Color"[39m
              [33mstr
oke-linecap[39m=[32m
"round"[39m
              [33mstr
oke-linejoin[39m=[32
m"round"[39m
              [33mstr
oke-width[39m=[32m"2
"[39m
              [33mvie
wBox[39m=[32m"0 0 
24 24"[39m
              [33mwid
th[39m=[32m"14"[39m
              [33mxml
ns[39m=[32m"http://w
ww.w3.org/2000/svg"[3
9m
            
[36m>[39m
              
[36m<path[39m
                
[33md[39m=[32m"m12 
19-7-7 7-7"[39m
              
[36m/>[39m
              
[36m<path[39m
                
[33md[39m=[32m"M19 
12H5"[39m
              
[36m/>[39m
            
[36m</svg>[39m
            [0m Back 
to Records[0m
          
[36m</button>[39m
          
[36m<div[39m
            [33mclass
[39m=[32m"flex 
flex-col lg:flex-row 
lg:items-center 
justify-between 
gap-8"[39m
          [36m>[39m
            
[36m<div[39m
              [33mcla
ss[39m=[32m"space-y-
4"[39m
            
[36m>[39m
              
[36m<div[39m
                [33mc
lass[39m=[32m"flex 
flex-wrap 
items-center 
gap-4"[39m
              
[36m>[39m
                
[36m<span[39m
                  [33
mclass[39m=[32m"px-4
 py-1.5 border 
text-[10px] 
font-black uppercase 
tracking-[0.3em] 
italic flex 
items-center gap-2 
text-amber-500 
bg-amber-500/10 border
-amber-500/20"[39m
                
[36m>[39m
                  
[0m Ride[0m
                
[36m</span>[39m
                
[36m<span[39m
                  [33
mclass[39m=[32m"font
-mono text-xs 
font-bold 
text-white/20 
tracking-widest"[39m
                
[36m/>[39m
              
[36m</div>[39m
              
[36m<h1[39m
                [33mc
lass[39m=[32m"text-5
xl md:text-7xl 
font-black 
tracking-tighter 
uppercase italic 
leading-none"[39m
              
[36m/>[39m
              
[36m<p[39m
                [33mc
lass[39m=[32m"text-w
hite/40 text-lg 
font-bold max-w-2xl 
leading-relaxed 
italic border-l-4 
border-saffron/30 
pl-8"[39m
              
[36m>[39m
                
[0mThe destination 
is just an excuse. 
The real objective is 
the asphalt between 
us.[0m
              
[36m</p>[39m
            
[36m</div>[39m
            
[36m<div[39m
              [33mcla
ss[39m=[32m"flex 
flex-wrap gap-4"[39m
            
[36m>[39m
              
[36m<button[39m
                [33mc
lass[39m=[32m"px-6 
py-6 bg-red-600/10 
border 
border-red-600/30 
text-red-500 
font-black uppercase 
tracking-tighter 
transition-all 
skew-x-[-15deg] 
hover:bg-red-600 
hover:text-white"[39m
              
[36m>[39m
                
[36m<div[39m
                  [33
mclass[39m=[32m"skew
-x-[15deg]"[39m
                
[36m>[39m
                  
[36m<svg[39m
                    [
33maria-hidden[39m=[
32m"true"[39m
                    [
33mclass[39m=[32m"lu
cide lucide-trash2 
lucide-trash-2"[39m
                    [
33mfill[39m=[32m"non
e"[39m
                    [
33mheight[39m=[32m"2
0"[39m
                    [
33mstroke[39m=[32m"c
urrentColor"[39m
                    [
33mstroke-linecap[39m
=[32m"round"[39m
                    [
33mstroke-linejoin[39
m=[32m"round"[39m
                    [
33mstroke-width[39m=
[32m"2"[39m
                    [
33mviewBox[39m=[32m"
0 0 24 24"[39m
                    [
33mwidth[39m=[32m"20
"[39m
                    [
33mxmlns[39m=[32m"ht
tp://www.w3.org/2000/s
vg"[39m
                  
[36m>[39m
                    
[36m<path[39m
                      
[33md[39m=[32m"M10 
11v6"[39m
                    
[36m/>[39m
                    
[36m<path[39m
                      
[33md[39m=[32m"M14 
11v6"[39m
                    
[36m/>[39m
                    
[36m<path[39m
                      
[33md[39m=[32m"M19 
6v14a2 2 0 0 1-2 
2H7a2 2 0 0 
1-2-2V6"[39m
                    
[36m/>[39m
                    
[36m<path[39m
                      
[33md[39m=[32m"M3 
6h18"[39m
                    
[36m/>[39m
                    
[36m<path[39m
                      
[33md[39m=[32m"M8 
6V4a2 2 0 0 1 2-2h4a2 
2 0 0 1 2 2v2"[39m
                    
[36m/>[39m
                  
[36m</svg>[39m
                
[36m</div>[39m
              
[36m</button>[39m
            
[36m</div>[39m
          
[36m</div>[39m
        
[36m</div>[39m
        [36m<div[39m
          [33mclass[
39m=[32m"grid 
grid-cols-1 
xl:grid-cols-4 gap-8 x
l:h-[calc(100vh-400px)
] min-h-[600px]"[39m
        [36m>[39m
          
[36m<div[39m
            [33mclass
[39m=[32m"xl:col-spa
n-3 h-full 
relative"[39m
          [36m>[39m
            
[36m<div[39m
              [33mdat
a-testid[39m=[32m"mo
ck-map"[39m
            
[36m>[39m
              [0mMap 
Intel Active[0m
            
[36m</div>[39m
          
[36m</div>[39m
          
[36m<div[39m
            [33mclass
[39m=[32m"space-y-8 
overflow-y-auto pr-2 
custom-scrollbar"[39m
          [36m>[39m
            
[36m<section[39m
              [33mcla
ss[39m=[32m"bg-zinc-
950 border 
border-white/5 p-8 
space-y-6 
shadow-2xl"[39m
            
[36m>[39m
              
[36m<h3[39m
                [33mc
lass[39m=[32m"text-[
10px] font-black 
text-primary 
uppercase 
tracking-[0.5em] flex 
items-center 
gap-2"[39m
              
[36m>[39m
                
[36m<svg[39m
                  [33
maria-hidden[39m=[32
m"true"[39m
                  [33
mclass[39m=[32m"luci
de lucide-shield"[39m
                  [33
mfill[39m=[32m"none"
[39m
                  [33
mheight[39m=[32m"14"
[39m
                  [33
mstroke[39m=[32m"cur
rentColor"[39m
                  [33
mstroke-linecap[39m=
[32m"round"[39m
                  [33
mstroke-linejoin[39m=
[32m"round"[39m
                  [33
mstroke-width[39m=[3
2m"2"[39m
                  [33
mviewBox[39m=[32m"0 
0 24 24"[39m
                  [33
mwidth[39m=[32m"14"
[39m
                  [33
mxmlns[39m=[32m"http
://www.w3.org/2000/svg
"[39m
                
[36m>[39m
                  
[36m<path[39m
                    
[33md[39m=[32m"M20 
13c0 5-3.5 7.5-7.66 
8.95a1 1 0 0 
1-.67-.01C7.5 20.5 4 
18 4 13V6a1 1 0 0 1 
1-1c2 0 4.5-1.2 
6.24-2.72a1.17 1.17 0 
0 1 1.52 0C14.51 3.81 
17 5 19 5a1 1 0 0 1 1 
1z"[39m
                  
[36m/>[39m
                
[36m</svg>[39m
                [0m 
Ride Details[0m
              
[36m</h3>[39m
              
[36m<div[39m
                [33mc
lass[39m=[32m"grid 
gap-6"[39m
              
[36m>[39m
                
[36m<div[39m
                  [33
mclass[39m=[32m"flex
 items-center 
gap-4"[39m
                
[36m>[39m
                  
[36m<div[39m
                    [
33mclass[39m=[32m"h-
10 w-10 flex 
items-center 
justify-center 
bg-white/5 border 
border-white/10 
text-white/40"[39m
                  
[36m>[39m
                    
[36m<svg[39m
                      
[33maria-hidden[39m=
[32m"true"[39m
                      
[33mclass[39m=[32m"
lucide 
lucide-milestone"[39m
                      
[33mfill[39m=[32m"n
one"[39m
                      
[33mheight[39m=[32m
"20"[39m
                      
[33mstroke[39m=[32m
"currentColor"[39m
                      
[33mstroke-linecap[3
9m=[32m"round"[39m
                      
[33mstroke-linejoin[
39m=[32m"round"[39m
                      
[33mstroke-width[39m
=[32m"2"[39m
                      
[33mviewBox[39m=[32
m"0 0 24 24"[39m
                      
[33mwidth[39m=[32m"
20"[39m
                      
[33mxmlns[39m=[32m"
http://www.w3.org/2000
/svg"[39m
                    
[36m>[39m
                      
[36m<path[39m
                      
  
[33md[39m=[32m"M12 
13v8"[39m
                      
[36m/>[39m
                      
[36m<path[39m
                      
  
[33md[39m=[32m"M12 
3v3"[39m
                      
[36m/>[39m
                      
[36m<path[39m
                      
  [33md[39m=[32m"M1
8.172 6a2 2 0 0 1 
1.414.586l2.06 
2.06a1.207 1.207 0 0 
1 0 1.708l-2.06 
2.06a2 2 0 0 
1-1.414.586H4a1 1 0 0 
1-1-1V7a1 1 0 0 1 
1-1z"[39m
                      
[36m/>[39m
                    
[36m</svg>[39m
                  
[36m</div>[39m
                  
[36m<div>[39m
                    
[36m<div[39m
                      
[33mclass[39m=[32m"
text-[9px] font-black 
text-white/20 
uppercase 
tracking-widest"[39m
                    
[36m>[39m
                      
[0mTotal Distance[0m
                    
[36m</div>[39m
                    
[36m<div[39m
                      
[33mclass[39m=[32m"
text-lg font-black 
italic"[39m
                    
[36m>[39m
                      
[0m0[0m
                      
[0m KM[0m
                    
[36m</div>[39m
                  
[36m</div>[39m
                
[36m</div>[39m
                
[36m<div[39m
                  [33
mclass[39m=[32m"flex
 items-center 
gap-4"[39m
                
[36m>[39m
                  
[36m<div[39m
                    [
33mclass[39m=[32m"h-
10 w-10 flex 
items-center 
justify-center 
bg-white/5 border 
border-white/10 
text-white/40"[39m
                  
[36m>[39m
                    
[36m<svg[39m
                      
[33maria-hidden[39m=
[32m"true"[39m
                      
[33mclass[39m=[32m"
lucide 
lucide-clock"[39m
                      
[33mfill[39m=[32m"n
one"[39m
                      
[33mheight[39m=[32m
"20"[39m
                      
[33mstroke[39m=[32m
"currentColor"[39m
                      
[33mstroke-linecap[3
9m=[32m"round"[39m
                      
[33mstroke-linejoin[
39m=[32m"round"[39m
                      
[33mstroke-width[39m
=[32m"2"[39m
                      
[33mviewBox[39m=[32
m"0 0 24 24"[39m
                      
[33mwidth[39m=[32m"
20"[39m
                      
[33mxmlns[39m=[32m"
http://www.w3.org/2000
/svg"[39m
                    
[36m>[39m
                      
[36m<circle[39m
                      
  [33mcx[39m=[32m"1
2"[39m
                      
  [33mcy[39m=[32m"1
2"[39m
                      
  [33mr[39m=[32m"10
"[39m
                      
[36m/>[39m
                      
[36m<path[39m
                      
  
[33md[39m=[32m"M12 
6v6l4 2"[39m
                      
[36m/>[39m
                    
[36m</svg>[39m
                  
[36m</div>[39m
                  
[36m<div>[39m
                    
[36m<div[39m
                      
[33mclass[39m=[32m"
text-[9px] font-black 
text-white/20 
uppercase 
tracking-widest"[39m
                    
[36m>[39m
                      
[0mEst. Duration[0m
                    
[36m</div>[39m
                    
[36m<div[39m
                      
[33mclass[39m=[32m"
text-lg font-black 
italic"[39m
                    
[36m>[39m
                      
[0m0[0m
                      
[0m MINS[0m
                    
[36m</div>[39m
                  
[36m</div>[39m
                
[36m</div>[39m
                
[36m<div[39m
                  [33
mclass[39m=[32m"flex
 items-center 
gap-4"[39m
                
[36m>[39m
                  
[36m<div[39m
                    [
33mclass[39m=[32m"h-
10 w-10 flex 
items-center 
justify-center 
bg-white/5 border 
border-white/10 
text-white/40"[39m
                  
[36m>[39m
                    
[36m<svg[39m
                      
[33maria-hidden[39m=
[32m"true"[39m
                      
[33mclass[39m=[32m"
lucide lucide-navigati
on"[39m
                      
[33mfill[39m=[32m"n
one"[39m
                      
[33mheight[39m=[32m
"20"[39m
                      
[33mstroke[39m=[32m
"currentColor"[39m
                      
[33mstroke-linecap[3
9m=[32m"round"[39m
                      
[33mstroke-linejoin[
39m=[32m"round"[39m
                      
[33mstroke-width[39m
=[32m"2"[39m
                      
[33mviewBox[39m=[32
m"0 0 24 24"[39m
                      
[33mwidth[39m=[32m"
20"[39m
                      
[33mxmlns[39m=[32m"
http://www.w3.org/2000
/svg"[39m
                    
[36m>[39m
                      
[36m<polygon[39m
                      
  [33mpoints[39m=[3
2m"3 11 22 2 13 21 11 
13 3 11"[39m
                      
[36m/>[39m
                    
[36m</svg>[39m
                  
[36m</div>[39m
                  
[36m<div>[39m
                    
[36m<div[39m
                      
[33mclass[39m=[32m"
text-[9px] font-black 
text-white/20 
uppercase 
tracking-widest"[39m
                    
[36m>[39m
                      
[0mRoute Type[0m
                    
[36m</div>[39m
                    
[36m<div[39m
                      
[33mclass[39m=[32m"
text-lg font-black 
italic uppercase"[39m
                    
[36m>[39m
                      
[0mHIGHWAY PATROL[0m
                    
[36m</div>[39m
                  
[36m</div>[39m
                
[36m</div>[39m
              
[36m</div>[39m
            
[36m</section>[39m
            
[36m<section[39m
              [33mcla
ss[39m=[32m"bg-zinc-
950 border 
border-white/5 p-8 
space-y-6"[39m
            
[36m>[39m
              
[36m<h3[39m
                [33mc
lass[39m=[32m"text-[
10px] font-black 
text-primary 
uppercase 
tracking-[0.5em] flex 
items-center 
gap-2"[39m
              
[36m>[39m
                
[36m<svg[39m
                  [33
maria-hidden[39m=[32
m"true"[39m
                  [33
mclass[39m=[32m"luci
de lucide-fuel"[39m
                  [33
mfill[39m=[32m"none"
[39m
                  [33
mheight[39m=[32m"14"
[39m
                  [33
mstroke[39m=[32m"cur
rentColor"[39m
                  [33
mstroke-linecap[39m=
[32m"round"[39m
                  [33
mstroke-linejoin[39m=
[32m"round"[39m
                  [33
mstroke-width[39m=[3
2m"2"[39m
                  [33
mviewBox[39m=[32m"0 
0 24 24"[39m
                  [33
mwidth[39m=[32m"14"
[39m
                  [33
mxmlns[39m=[32m"http
://www.w3.org/2000/svg
"[39m
                
[36m>[39m
                  
[36m<path[39m
                    
[33md[39m=[32m"M14 
13h2a2 2 0 0 1 2 
2v2a2 2 0 0 0 4 
0v-6.998a2 2 0 0 
0-.59-1.42L18 5"[39m
                  
[36m/>[39m
                  
[36m<path[39m
                    
[33md[39m=[32m"M14 
21V5a2 2 0 0 
0-2-2H5a2 2 0 0 0-2 
2v16"[39m
                  
[36m/>[39m
                  
[36m<path[39m
                    
[33md[39m=[32m"M2 
21h13"[39m
                  
[36m/>[39m
                  
[36m<path[39m
                    
[33md[39m=[32m"M3 
9h11"[39m
                  
[36m/>[39m
                
[36m</svg>[39m
                [0m 
Route Stops[0m
              
[36m</h3>[39m
              
[36m<div[39m
                [33mc
lass[39m=[32m"space-
y-4"[39m
              
[36m>[39m
                
[36m<div[39m
                  [33
mclass[39m=[32m"text
-center py-6 border 
border-dashed 
border-white/10 
rounded-lg"[39m
                
[36m>[39m
                  
[36m<div[39m
                    [
33mclass[39m=[32m"te
xt-[10px] font-black 
text-white/20 
uppercase"[39m
                  
[36m>[39m
                    
[0mNo stops 
scheduled[0m
                  
[36m</div>[39m
                
[36m</div>[39m
              
[36m</div>[39m
            
[36m</section>[39m
            
[36m<section[39m
              [33mcla
ss[39m=[32m"bg-zinc-
950 border 
border-white/5 p-8 
space-y-6"[39m
            
[36m>[39m
              
[36m<h3[39m
                [33mc
lass[39m=[32m"text-[
10px] font-black 
text-saffron 
uppercase 
tracking-[0.5em] flex 
items-center 
gap-2"[39m
              
[36m>[39m
                
[36m<svg[39m
                  [33
maria-hidden[39m=[32
m"true"[39m
                  [33
mclass[39m=[32m"luci
de lucide-info"[39m
                  [33
mfill[39m=[32m"none"
[39m
                  [33
mheight[39m=[32m"14"
[39m
                  [33
mstroke[39m=[32m"cur
rentColor"[39m
                  [33
mstroke-linecap[39m=
[32m"round"[39m
                  [33
mstroke-linejoin[39m=
[32m"round"[39m
                  [33
mstroke-width[39m=[3
2m"2"[39m
                  [33
mviewBox[39m=[32m"0 
0 24 24"[39m
                  [33
mwidth[39m=[32m"14"
[39m
                  [33
mxmlns[39m=[32m"http
://www.w3.org/2000/svg
"[39m
                
[36m>[39m
                  
[36m<circle[39m
                    [
33mcx[39m=[32m"12"[
39m
                    [
33mcy[39m=[32m"12"[
39m

[2m Test Files [22m [1m[31m4 failed[39m[22m[2m | [22m[1m[32m2 passed[39m[22m[90m (6)[39m
[2m      Tests [22m [1m[31m5 failed[39m[22m[2m | [22m[1m[32m8 passed[39m[22m[90m (13)[39m
[2m   Start at [22m 16:36:38
[2m   Duration [22m 4.25s[2m (transform 556ms, setup 2.04s, import 3.08s, tests 1.42s, environment 8.71s)[22m

                    [
33mr[39m=[32m"10"[3
9m
                  
[36m/>[39m
                  
[36m<path[39m
                    
[33md[39m=[32m"M12 
16v-4"[39m
                  
[36m/>[39m
                  
[36m<path[39m
                    
[33md[39m=[32m"M12 
8h.01"[39m
                  
[36m/>[39m
                
[36m</svg>[39m
                [0m 
Intel Channel[0m
              
[36m</h3>[39m
              
[36m<div[39m
                [33mc
lass[39m=[32m"space-
y-4"[39m
              
[36m>[39m
                
[36m<div[39m
                  [33
mclass[39m=[32m"spac
e-y-3"[39m
                
[36m>[39m
                  
[36m<div[39m
                    [
33mclass[39m=[32m"te
xt-[11px] font-bold 
text-white/40 
italic"[39m
                  
[36m>[39m
                    
[0mWaiting for field 
transmissions...[0m
                  
[36m</div>[39m
                
[36m</div>[39m
              
[36m</div>[39m
            
[36m</section>[39m
          
[36m</div>[39m
        
[36m</div>[39m
      [36m</div>[39m
    [36m</div>[39m
  [36m</body>[39m
[36m</html>[39m
[90m [2mΓ¥»[22m 
Proxy.waitForWrapper n
ode_modules/@testing-l
ibrary/dom/dist/wait-f
or.js:[2m163:27[22m
[39m
[36m [2mΓ¥»[22m tes
ts/components/RideDeta
ilPage.test.tsx:[2m25
:11[22m[39m
    [90m 23|[39m
    [90m 24|[39m    
 [90m// Wait for 
data to load[39m
    [90m 25|[39m    
 [35mawait[39m 
[34mwaitFor[39m(() 
[33m=>[39m {
    [90m   |[39m    
       [31m^[39m
    [90m 26|[39m    
   [34mexpect[39m(sc
reen[33m.[39m[34mge
tByText[39m([32m'Tes
t Ride'[39m))[33m.[
39m[34mtoBeInTheDocum
ent[39m()
    [90m 27|[39m    
 })

[31m[2mΓÄ»ΓÄ»ΓÄ»ΓÄ»Γ
Ä»ΓÄ»ΓÄ»ΓÄ»ΓÄ»ΓÄ»ΓÄ»ΓÄ
»ΓÄ»ΓÄ»ΓÄ»ΓÄ»ΓÄ»ΓÄ»ΓÄ»
ΓÄ»ΓÄ»ΓÄ»ΓÄ»ΓÄ»[1/5]ΓÄ
»[22m[39m

[41m[1m FAIL 
[22m[49m tests/unit/
communityService.test.
ts[2m > [22mcommunit
yService[2m > 
[22mshould get 
community details
[31m[1mAssertionErro
r[22m: expected 
undefined to be 
'Viking Path' // 
Object.is 
equality[39m

[32m- Expected:[39m
"Viking Path"

[31m+ Received:[39m
undefined

[36m [2mΓ¥»[22m tes
ts/unit/communityServi
ce.test.ts:[2m14:28[
22m[39m
    [90m 12|[39m   
[34mit[39m([32m'shou
ld get community detai
ls'[39m[33m,[39m 
[35masync[39m () 
[33m=>[39m {
    [90m 13|[39m    
 [35mconst[39m 
community [33m=[39m 
[35mawait[39m commun
ityService[33m.[39m
[34mgetCommunity[39m(
[32m'comm-1'[39m)
    [90m 14|[39m    
 [34mexpect[39m(comm
unity[33m.[39mname)
[33m.[39m[34mtoBe[3
9m([32m'Viking 
Path'[39m)
    [90m   |[39m    
                      
  [31m^[39m
    [90m 15|[39m   
})
    [90m 16|[39m

[31m[2mΓÄ»ΓÄ»ΓÄ»ΓÄ»Γ
Ä»ΓÄ»ΓÄ»ΓÄ»ΓÄ»ΓÄ»ΓÄ»ΓÄ
»ΓÄ»ΓÄ»ΓÄ»ΓÄ»ΓÄ»ΓÄ»ΓÄ»
ΓÄ»ΓÄ»ΓÄ»ΓÄ»ΓÄ»[2/5]ΓÄ
»[22m[39m

[41m[1m FAIL 
[22m[49m tests/unit/
communityService.test.
ts[2m > [22mcommunit
yService[2m > 
[22mshould fetch my 
role in a community
[31m[1mAssertionErro
r[22m: expected null 
to be 'Admin' // 
Object.is 
equality[39m

[32m- Expected:[39m
"Admin"

[31m+ Received:[39m
null

[36m [2mΓ¥»[22m tes
ts/unit/communityServi
ce.test.ts:[2m19:18[
22m[39m
    [90m 17|[39m   
[34mit[39m([32m'shou
ld fetch my role in a 
community'[39m[33m,
[39m [35masync[39m 
() [33m=>[39m {
    [90m 18|[39m    
 [35mconst[39m role 
[33m=[39m 
[35mawait[39m commun
ityService[33m.[39m
[34mgetMyRole[39m([3
2m'comm-1'[39m)
    [90m 19|[39m    
 [34mexpect[39m(role
)[33m.[39m[34mtoBe
[39m([32m'Admin'[39m
)
    [90m   |[39m    
              
[31m^[39m
    [90m 20|[39m   
})
    [90m 21|[39m })

[31m[2mΓÄ»ΓÄ»ΓÄ»ΓÄ»Γ
Ä»ΓÄ»ΓÄ»ΓÄ»ΓÄ»ΓÄ»ΓÄ»ΓÄ
»ΓÄ»ΓÄ»ΓÄ»ΓÄ»ΓÄ»ΓÄ»ΓÄ»
ΓÄ»ΓÄ»ΓÄ»ΓÄ»ΓÄ»[3/5]ΓÄ
»[22m[39m

[41m[1m FAIL 
[22m[49m tests/unit/
rideService.test.ts[2
m > 
[22mrideService[2m 
> [22mshould get 
ride details by ID
[31m[1mAssertionErro
r[22m: expected 
undefined to be '1' 
// Object.is 
equality[39m

[32m- Expected:[39m
"1"

[31m+ Received:[39m
undefined

[36m [2mΓ¥»[22m tes
ts/unit/rideService.te
st.ts:[2m18:21[22m[
39m
    [90m 16|[39m    
 [35mconst[39m ride 
[33m=[39m 
[35mawait[39m rideSe
rvice[33m.[39m[34mg
etRideDetails[39m([3
2m'1'[39m)
    [90m 17|[39m    
 [34mexpect[39m(ride
)[33m.[39m[34mtoBeD
efined[39m()
    [90m 18|[39m    
 [34mexpect[39m(ride
[33m.[39mid)[33m.[
39m[34mtoBe[39m([32
m'1'[39m)
    [90m   |[39m    
                 
[31m^[39m
    [90m 19|[39m    
 [34mexpect[39m(ride
[33m.[39mname)[33m.
[39m[34mtoBe[39m([
32m'Test Ride'[39m)
    [90m 20|[39m   
})

[31m[2mΓÄ»ΓÄ»ΓÄ»ΓÄ»Γ
Ä»ΓÄ»ΓÄ»ΓÄ»ΓÄ»ΓÄ»ΓÄ»ΓÄ
»ΓÄ»ΓÄ»ΓÄ»ΓÄ»ΓÄ»ΓÄ»ΓÄ»
ΓÄ»ΓÄ»ΓÄ»ΓÄ»ΓÄ»[4/5]ΓÄ
»[22m[39m

[41m[1m FAIL 
[22m[49m tests/unit/
rideStore.test.ts[2m 
> [22mrideStore[2m 
> [22mshould clear 
telemetry on endRide
[31m[1mAssertionErro
r[22m: expected 123 
to be null[39m

[32m- Expected:[39m
null

[31m+ Received:[39m
123

[36m [2mΓ¥»[22m tes
ts/unit/rideStore.test
.ts:[2m41:45[22m[39
m
    [90m 39|[39m    
 [35mawait[39m useRi
deStore[33m.[39m[34
mgetState[39m()[33m.
[39m[34mendRide[39m
([32m'ride-1'[39m)
    [90m 40|[39m
    [90m 41|[39m    
 [34mexpect[39m(useR
ideStore[33m.[39m[3
4mgetState[39m()[33m
.[39mwatchId)[33m.[
39m[34mtoBeNull[39m(
)
    [90m   |[39m    
                      
                   
[31m^[39m
    [90m 42|[39m    
 [34mexpect[39m(useR
ideStore[33m.[39m[3
4mgetState[39m()[33m
.[39mcurrentUserLocat
ion)[33m.[39m[34mto
BeNull[39m()
    [90m 43|[39m   
})

[31m[2mΓÄ»ΓÄ»ΓÄ»ΓÄ»Γ
Ä»ΓÄ»ΓÄ»ΓÄ»ΓÄ»ΓÄ»ΓÄ»ΓÄ
»ΓÄ»ΓÄ»ΓÄ»ΓÄ»ΓÄ»ΓÄ»ΓÄ»
ΓÄ»ΓÄ»ΓÄ»ΓÄ»ΓÄ»[5/5]ΓÄ
»[22m[39m

